1 0.16
2 0.22
3 0.22
4 0.26
5 0.32
6 0.32
7 0.3
8 0.32
9 0.28
10 0.22
11 0.16
12 0.16
13 0.22
14 0.28
15 0.32
16 0.32
17 0.28
18 0.28
19 0.3
20 0.32
21 0.32
22 0.26
23 0.2
24 0.16
25 0.2
26 0.24
27 0.26
28 0.26
29 0.26
30 0.26
31 0.26
32 0.26
33 0.26
34 0.26
35 0.26
36 0.26
37 0.26
38 0.26
39 0.26
40 0.26
41 0.26
42 0.26
43 0.26
44 0.26
45 0.22
46 0.18
47 0.14
48 0.14
49 0.18
50 0.22
51 0.26
52 0.26
53 0.26
54 0.26
55 0.26
56 0.26
57 0.26
58 0.26
59 0.26
60 0.26
61 0.26
62 0.26
63 0.26
64 0.26
65 0.26
66 0.26
67 0.26
68 0.24
69 0.26
70 0.22
71 0.22
